{
    Hello : 1,
    World : 1,
    People : 1 {
        Ann : 1
    },
    FibArray : 1 [
        1 : 2
        "Fizz" : 1,
        2 {
            Bizz : 2,
            Other : 1,
            InnerObj : 1 {
                "Foo" : 1
            }
        },
        2 [
            A : 1,
            B : 1,
            C : 1
        ]
    ]
}